[backblue.gif]
[fade.gif]
[index.html]
[netdna.bootstrapcdn.com/font-awesome/4.0.3/css/font-awesome.css]
[scrils.com/demos/Tesla/assets/images/avatar.jpg]
[scrils.com/demos/Tesla/assets/images/works/p1.jpg]
[scrils.com/demos/Tesla/assets/images/works/p2.jpg]
[scrils.com/demos/Tesla/assets/js/jquery-latest.js]
[scrils.com/demos/Tesla/assets/js/jquery.js]
[scrils.com/demos/Tesla/assets/js/bootstrap.js]
[scrils.com/demos/Tesla/assets/js/jquery.easing.js]
[scrils.com/demos/Tesla/assets/js/jquery.mixitup.js]
[scrils.com/demos/Tesla/assets/js/scripts.js]
[scrils.com/demos/Tesla/assets/js/jquery.magnific-popup.min.js]
[scrils.com/demos/Tesla/assets/js/contactform.js]
[scrils.com/demos/Tesla/assets/js/smoothscroll.js]
[scrils.com/demos/Tesla/assets/js/classie.js]
[scrils.com/demos/Tesla/assets/js/wow.min.js]
[scrils.com/demos/Tesla/index.html]
[scrils.com/demos/Tesla/assets/js/main.js]
[scrils.com/demos/Tesla/assets/css/bootstrap.css]
[scrils.com/demos/Tesla/assets/images/load.gif]
[scrils.com/demos/Tesla/assets/images/i2.jpg]
[scrils.com/demos/Tesla/assets/images/01.jpg]
[scrils.com/demos/Tesla/assets/css/stylesheet.css]
[scrils.com/demos/Tesla/assets/css/animate.css]
[netdna.bootstrapcdn.com/font-awesome/4.0.3/css/font-awesome.css]
[scrils.com/demos/Tesla/assets/icons/Linea/fonts/linea.woff]
[scrils.com/demos/Tesla/assets/icons/Linea/styles.css]
[scrils.com/demos/Tesla/assets/icons/Elegant/fonts/ElegantIcons.woff]
[scrils.com/demos/Tesla/assets/icons/Elegant/style.css]
[scrils.com/demos/Tesla/assets/css/magnific-popup.css]
[scrils.com/demos/Tesla/assets/fonts/glyphicons-halflings-regular.html]
[scrils.com/demos/Tesla/assets/fonts/glyphicons-halflings-regulard41d.html]
[scrils.com/demos/Tesla/assets/fonts/glyphicons-halflings-regular-2.html]
[scrils.com/demos/Tesla/assets/fonts/glyphicons-halflings-regular-3.html]
[scrils.com/demos/Tesla/assets/fonts/glyphicons-halflings-regular-4.html]
[scrils.com/demos/Tesla/assets/icons/Linea/fonts/linea.html]
[scrils.com/demos/Tesla/assets/icons/Linea/fonts/linead41d.html]
[scrils.com/demos/Tesla/assets/icons/Linea/fonts/linea-2.html]
[scrils.com/demos/Tesla/assets/icons/Linea/fonts/linea-3.html]
[scrils.com/demos/Tesla/assets/icons/Elegant/fonts/ElegantIcons.html]
[scrils.com/demos/Tesla/assets/icons/Elegant/fonts/ElegantIconsd41d.html]
[scrils.com/demos/Tesla/assets/icons/Elegant/fonts/ElegantIcons-2.html]
[scrils.com/demos/Tesla/assets/icons/Elegant/fonts/ElegantIcons-3.html]
